
> rootmc-ava@0.5.0 start
> node src/index.mjs

Ava status → http://127.0.0.1:8787/ (watchdog on)
Ava Ivy rich presence set (desktop IPC)
Ava Ivy as app 1532751879875072070, watching 9 channel(s)
transport: both · hot 4000ms · break 60000ms
ava-ivy status window http://127.0.0.1:8787/
handoff data: D:\.1 Work Stations\RootMC\Server Handoffs\Ava Ivy\data
Ava boot handshake done — live
pending tasks check · first in ~90s · then every 25m
Ava gateway open
Ava gateway READY as Ava Ivy (join welcomes on)
ava-ivy status window http://127.0.0.1:8787/
Ava Ivy as app 1532751879875072070, watching 9 channel(s)
transport: both · hot 4000ms · break 60000ms
handoff data: D:\.1 Work Stations\RootMC\Server Handoffs\Ava Ivy\data
Ava boot handshake done — live
pending tasks check · first in ~90s · then every 25m
Ava gateway open
Ava gateway READY as Ava Ivy (join welcomes on)
ava-ivy status window http://127.0.0.1:8787/
Ava Ivy as app 1532751879875072070, watching 9 channel(s)
transport: both · hot 4000ms · break 60000ms
handoff data: D:\.1 Work Stations\RootMC\Server Handoffs\Ava Ivy\data
Ava boot handshake done — live
pending tasks check · first in ~90s · then every 25m
Ava gateway open
Ava gateway READY as Ava Ivy (join welcomes on)
Ava Ivy as app 1532751879875072070, watching 9 channel(s)
transport: both · hot 4000ms · break 60000ms
handoff data: D:\.1 Work Stations\RootMC\Server Handoffs\Ava Ivy\data
Ava boot handshake done — live
pending tasks check · first in ~90s · then every 25m
Ava Ivy as app 1532751879875072070, watching 9 channel(s)
transport: both · hot 4000ms · break 60000ms
handoff data: D:\.1 Work Stations\RootMC\Server Handoffs\Ava Ivy\data
Ava boot handshake done — live
pending tasks check · first in ~90s · then every 25m
Ava gateway open
Ava gateway READY as Ava Ivy (join welcomes on)
Ava Ivy as app 1532751879875072070, watching 9 channel(s)
transport: both · hot 4000ms · break 60000ms
handoff data: D:\.1 Work Stations\RootMC\Server Handoffs\Ava Ivy\data
Ava Ivy as app 1532751879875072070, watching 9 channel(s)
transport: both · hot 4000ms · break 60000ms
handoff data: D:\.1 Work Stations\RootMC\Server Handoffs\Ava Ivy\data
Ava boot handshake done — live
pending tasks check · first in ~90s · then every 25m
Ava Ivy as app 1532751879875072070, watching 9 channel(s)
transport: both · hot 4000ms · break 60000ms
handoff data: D:\.1 Work Stations\RootMC\Server Handoffs\Ava Ivy\data
Ava boot handshake done — live
pending tasks check · first in ~90s · then every 25m
